08-05-2026 | Failed patient login attempt.
09-05-2026 | Patient registered: noor
09-05-2026 | Patient registered: minfa
09-05-2026 | Failed admin login ID=khizar
09-05-2026 | Failed doctor login ID=2
09-05-2026 | Failed doctor login ID=2
09-05-2026 | Failed doctor login ID=2
09-05-2026 | Failed doctor login ID=2
09-05-2026 | Failed doctor login ID=2
09-05-2026 | Failed doctor login ID=2
09-05-2026 | Failed doctor login ID=2
09-05-2026 | Patient registered: khadija
09-05-2026 | Failed doctor login ID=1
09-05-2026 | Failed doctor login ID=1
09-05-2026 | Failed doctor login ID=1
09-05-2026 | Failed patient login ID=1
09-05-2026 | Failed patient login ID=1
09-05-2026 | Failed patient login ID=1
09-05-2026 | Failed patient login ID=1
09-05-2026 | Failed patient login ID=1
10-05-2026 | Failed doctor login ID=1
10-05-2026 | Failed doctor login ID=1
10-05-2026 | Patient discharged. ID=2 Name=Bilal Ahmed
10-05-2026 | Patient discharged. ID=3 Name=minfa
10-05-2026 | Patient registered: Adeeba
10-05-2026 | Failed doctor login ID=5
10-05-2026 | Failed admin login ID=1
10-05-2026 | Failed admin login ID=1
10-05-2026 | Failed admin login ID=1
10-05-2026 | Patient registered: hadia
10-05-2026 | Patient registered: Khadija
10-05-2026 | Patient registered: Ahmed
10-05-2026 | Patient registered: Ali
10-05-2026 | Patient registered: Fatima
10-05-2026 | Patient registered: Ali
10-05-2026 | Patient registered: Ahmed
